# Test cases for BaseGeometry class

# Testing area() method
>>> bg = BaseGeometry()
>>> bg.area()
Traceback (most recent call last):
    ...
Exception: area() is not implemented

# Testing integer_validator() method
>>> bg.integer_validator('side_length', 5)

>>> bg.integer_validator('side_length', -5)
Traceback (most recent call last):
    ...
ValueError: side_length must be greater than 0

>>> bg.integer_validator('side_length', 'test')
Traceback (most recent call last):
    ...
TypeError: test must be an integer
